{
  "delicate": {
    "song": "Delicate",
    "artist": "Damien Rice",
    "year": 2002,
    "genre": ["Folk", "Rock"],
    "lengthInSeconds": 314
  },
  "gravity": {
    "song": "Gravity2",
    "artist": "John Mayerz",
    "year": 2005,
    "genre": ["Rock", "Blues"],
    "lengthInSeconds": 247
  }
}
