{
  "data": {
    "song": "Delicate",
    "artist": "Damien Rice",
    "year": 2002,
    "genre": ["Folk", "Rock"],
    "lengthInSeconds": 314
  },
  "version": 1,
  "metadata": { "updatedBy": "tadow" }
}
