{"song":"Gravity2","artist":"John Mayerz","year":2005,"genre":["Rock","Blues"],"lengthInSeconds":247}