{
  "song": "Delicate",
  "artist": "Damien Rice",
  "year": 2002,
  "genre": ["Folk", "Rock"],
  "lengthInSeconds": 314
}
