{
  "song": "Gravity",
  "artist": "John Mayer",
  "year": 2005,
  "genre": ["Rock", "Blues"],
  "lengthInSeconds": 247
}
