{"bookInfo":{"author":"Fredrik Backman","isbn":"9781476738024"},"carInfo":{"year":1992,"manufacturer":"Saab"},"book":"Man called Ove","car":"Saab 92"}