{
  "song": "Gravity2",
  "artist": "John Mayer",
  "year": 2004,
  "genre": ["Rockz", "Bluesz"],
  "lengthInSeconds": 247
}
