[
  {
    "data": {
      "song": "Ocean",
      "artist": "John Butler",
      "year": 2012,
      "genre": ["Classical"],
      "lengthInSeconds": 724
    },
    "deletedAt": -1,
    "validFrom": 6893,
    "validTo": 999999999999999
  },
  {
    "data": {
      "song": "Titanic",
      "artist": "John Butler",
      "year": 2001,
      "genre": ["Rock"],
      "lengthInSeconds": 500
    },
    "deletedAt": 999999999999999,
    "validFrom": 1,
    "validTo": 500
  },
  {
    "data": {
      "song": "Highway to hell",
      "artist": "John Butler",
      "year": 2001,
      "genre": ["Rock"],
      "lengthInSeconds": 500
    },
    "deletedAt": 999999999999999,
    "validFrom": 500,
    "validTo": 7895
  },
  {
    "data": {
      "song": "Ocean",
      "artist": "John Butler",
      "year": 2012,
      "genre": ["Classical"],
      "lengthInSeconds": 724
    },
    "deletedAt": -1,
    "validFrom": 6893,
    "validTo": 7895
  },
  {
    "data": {
      "song": "You shook me all night long",
      "artist": "John Butler",
      "year": 2001,
      "genre": ["Rock"],
      "lengthInSeconds": 500
    },
    "deletedAt": 999999999999999,
    "validFrom": 7895,
    "validTo": 999999999999999
  }
]
