{
  "song": "You shook me all night long",
  "artist": "John Butler",
  "year": 2001,
  "genre": ["Rock"],
  "lengthInSeconds": 500
}
