{
  "data": {
    "song": "Gravity",
    "artist": "John Mayer",
    "year": 2005,
    "genre": ["Rock", "Blues"],
    "lengthInSeconds": 247
  },
  "createdAt": 1640769774454,
  "deletedAt": 999999999999999,
  "validFrom": 1640769774454,
  "validTo": 1640769776468
}
