{
  "song": "Titanic",
  "artist": "John Butler",
  "year": 2001,
  "genre": ["Rock"],
  "lengthInSeconds": 500
}
