{
  "song": "Ocean",
  "artist": "John Butler",
  "year": 2012,
  "genre": ["Classical"],
  "lengthInSeconds": 724
}
