{"book":{"author":"Fredrik Backman","isbn":"9781476738024"},"car":{"year":1992,"manufacturer":"Saab"},"year":1992,"isbn":"9781476738024"}