[{"data":{"song":"Gravity","artist":"John Mayer","year":2005,"genre":["Rock","Blues"],"lengthInSeconds":247},"version":1},{"data":{"song":"Gravity2","artist":"John Mayerz","year":2005,"genre":["Rock","Blues"],"lengthInSeconds":247},"version":2,"metadata":{"updatedBy":"sub-el"}}]