{"data":{"song":"Delicate","artist":"Damien Rice","year":2002,"genre":["Folk","Rock"],"lengthInSeconds":314},"version":1,"additionalKeys":["Damien Rice"],"metadata":{"updatedBy":"tadow"}}